{
  "version": "1.5.0",
  "plugins_used": [
    {
      "name": "ArtifactoryDetector"
    },
    {
      "name": "AWSKeyDetector"
    },
    {
      "name": "AzureStorageKeyDetector"
    },
    {
      "name": "Base64HighEntropyString",
      "limit": 4.5
    },
    {
      "name": "BasicAuthDetector"
    },
    {
      "name": "CloudantDetector"
    },
    {
      "name": "DiscordBotTokenDetector"
    },
    {
      "name": "GitHubTokenDetector"
    },
    {
      "name": "GitLabTokenDetector"
    },
    {
      "name": "HexHighEntropyString",
      "limit": 3.0
    },
    {
      "name": "IbmCloudIamDetector"
    },
    {
      "name": "IbmCosHmacDetector"
    },
    {
      "name": "IPPublicDetector"
    },
    {
      "name": "JwtTokenDetector"
    },
    {
      "name": "KeywordDetector",
      "keyword_exclude": ""
    },
    {
      "name": "MailchimpDetector"
    },
    {
      "name": "NpmDetector"
    },
    {
      "name": "OpenAIDetector"
    },
    {
      "name": "PrivateKeyDetector"
    },
    {
      "name": "PypiTokenDetector"
    },
    {
      "name": "SendGridDetector"
    },
    {
      "name": "SlackDetector"
    },
    {
      "name": "SoftlayerDetector"
    },
    {
      "name": "SquareOAuthDetector"
    },
    {
      "name": "StripeDetector"
    },
    {
      "name": "TelegramBotTokenDetector"
    },
    {
      "name": "TwilioKeyDetector"
    }
  ],
  "filters_used": [
    {
      "path": "detect_secrets.filters.allowlist.is_line_allowlisted"
    },
    {
      "path": "detect_secrets.filters.common.is_baseline_file",
      "filename": ".secrets.baseline"
    },
    {
      "path": "detect_secrets.filters.common.is_ignored_due_to_verification_policies",
      "min_level": 2
    },
    {
      "path": "detect_secrets.filters.heuristic.is_indirect_reference"
    },
    {
      "path": "detect_secrets.filters.heuristic.is_likely_id_string"
    },
    {
      "path": "detect_secrets.filters.heuristic.is_lock_file"
    },
    {
      "path": "detect_secrets.filters.heuristic.is_not_alphanumeric_string"
    },
    {
      "path": "detect_secrets.filters.heuristic.is_potential_uuid"
    },
    {
      "path": "detect_secrets.filters.heuristic.is_prefixed_with_dollar_sign"
    },
    {
      "path": "detect_secrets.filters.heuristic.is_sequential_string"
    },
    {
      "path": "detect_secrets.filters.heuristic.is_swagger_file"
    },
    {
      "path": "detect_secrets.filters.heuristic.is_templated_secret"
    }
  ],
  "results": {
    "AGENTS.md": [
      {
        "type": "Secret Keyword",
        "filename": "AGENTS.md",
        "hashed_secret": "8351017d79c902ea1f8c608a453807b5c2f3c4c2",
        "is_verified": false,
        "line_number": 18
      }
    ],
    "CLAUDE.md": [
      {
        "type": "Secret Keyword",
        "filename": "CLAUDE.md",
        "hashed_secret": "8351017d79c902ea1f8c608a453807b5c2f3c4c2",
        "is_verified": false,
        "line_number": 37
      }
    ],
    "README.md": [
      {
        "type": "Secret Keyword",
        "filename": "README.md",
        "hashed_secret": "65df4c9581b23aa1bbd0c0e429106c5e5613fca4",
        "is_verified": false,
        "line_number": 85
      }
    ],
    "SECRETS_MANAGEMENT.md": [
      {
        "type": "Secret Keyword",
        "filename": "SECRETS_MANAGEMENT.md",
        "hashed_secret": "24499dea88b67e4f5f4132b1b8a418d0a801baea",
        "is_verified": false,
        "line_number": 242
      },
      {
        "type": "Secret Keyword",
        "filename": "SECRETS_MANAGEMENT.md",
        "hashed_secret": "4ec51226d7bb2f444d1b424452e7354c8c4b3e7b",
        "is_verified": false,
        "line_number": 243
      },
      {
        "type": "Secret Keyword",
        "filename": "SECRETS_MANAGEMENT.md",
        "hashed_secret": "8db184928009ca0ac5213aee3a713d46fbae6470",
        "is_verified": false,
        "line_number": 244
      }
    ],
    "config.py": [
      {
        "type": "Secret Keyword",
        "filename": "config.py",
        "hashed_secret": "cd3d4a0d43c88ca03813cafd95b7a577f39ce54f",
        "is_verified": false,
        "line_number": 91
      }
    ],
    "scripts/check_hygiene.sh": [
      {
        "type": "Secret Keyword",
        "filename": "scripts/check_hygiene.sh",
        "hashed_secret": "5ffe533b830f08a0326348a9160afafc8ada44db",
        "is_verified": false,
        "line_number": 26
      },
      {
        "type": "Secret Keyword",
        "filename": "scripts/check_hygiene.sh",
        "hashed_secret": "f42da4c780aa24cf25d5a8d606f4da5685007bfa",
        "is_verified": false,
        "line_number": 27
      },
      {
        "type": "Secret Keyword",
        "filename": "scripts/check_hygiene.sh",
        "hashed_secret": "0cba13b43e3a4e87455db4d97bada584ecd6a0fb",
        "is_verified": false,
        "line_number": 32
      }
    ],
    "tests/test_config.py": [
      {
        "type": "Secret Keyword",
        "filename": "tests/test_config.py",
        "hashed_secret": "5ffe533b830f08a0326348a9160afafc8ada44db",
        "is_verified": false,
        "line_number": 40
      }
    ],
    "tests/test_operations_handler.py": [
      {
        "type": "Secret Keyword",
        "filename": "tests/test_operations_handler.py",
        "hashed_secret": "693f9c4e9b894ffc6fba49d7aad2e60ab01a2be2",
        "is_verified": false,
        "line_number": 331
      }
    ],
    "tests/test_repo_hygiene.py": [
      {
        "type": "Private Key",
        "filename": "tests/test_repo_hygiene.py",
        "hashed_secret": "be4fc4886bd949b369d5e092eb87494f12e57e5b",
        "is_verified": false,
        "line_number": 71
      }
    ]
  },
  "generated_at": "2026-08-01T03:14:40Z"
}
